%!Adobe-FontList 1.20
%Locale:0x409

%BeginFont
Handler:DirectoryHandler
FontType:TrueType
FontName:AfacadFlux-Regular
FamilyName:Afacad Flux
StyleName:Regular
FullName:Afacad Flux Regular
MenuName:Afacad Flux
StyleBits:0
WritingScript:Roman
OutlineFileName:D:\80 Brick Escape\Font\AfacadFlux-VariableFont_slnt,wght.ttf
DataFormat:sfntData
hasSVG:no
VariableFontType:TrueTypeVariableFont
FileLength:431224
FileModTime:1757372758
WeightClass:400
WidthClass:5
AngleClass:0
NameArray:0,Win,1,Afacad Flux
%EndFont

